// Jest Snapshot v1, https://goo.gl/fbAQLP

exports[`DeleteDoctor Component renders DeleteDoctor component 1`] = `
<div
  class="text-center"
>
  <h1
    class="font-bold text-[#1a1a1a] mb-5"
  >
    Delete Doctor
  </h1>
</div>
`;
