// Jest Snapshot v1, https://goo.gl/fbAQLP

exports[`DoctorDetails Component renders DoctorDetails component 1`] = `
<div>
  Loading...
</div>
`;
