// Jest Snapshot v1, https://goo.gl/fbAQLP

exports[`DoctorList Component renders DoctorList component 1`] = `
<div
  class="flex flex-col justify-center items-center flex-wrap"
>
  <h1
    class="text-[#1F1717]"
  >
    Doctors List
  </h1>
  <span
    class="text-gray-400"
  >
    Choose a doctor
  </span>
  <p>
    Loading...
  </p>
</div>
`;
